<html><head>

</head>
<body>
  <div>
    <div>All your base</div>
    <div id="bar">Are belong to us</div>
  </div>


</body></html>
